../Core/Src/main.c:110:6:SPI_send_byte	16	static
../Core/Src/main.c:116:6:SPI_send_data	16	static
../Core/Src/main.c:130:6:generate_json	1376	static
../Core/Src/main.c:176:6:get_current_timestamp	72	static
../Core/Src/main.c:210:5:main	8	static
../Core/Src/main.c:267:6:SystemClock_Config	120	static
../Core/Src/main.c:335:13:MX_RTC_Init	32	static
../Core/Src/main.c:399:13:MX_SPI1_Init	8	static
../Core/Src/main.c:447:13:MX_GPIO_Init	56	static
../Core/Src/main.c:576:6:Error_Handler	4	static,ignoring_inline_asm
